2025-07-10T06:41:53.8105260Z Current runner version: '2.325.0'
2025-07-10T06:41:53.8117606Z Runner name: 'sub'
2025-07-10T06:41:53.8120039Z Runner group name: 'Default'
2025-07-10T06:41:53.8121813Z Machine name: 'WIN-C8BTMOLEMOB'
2025-07-10T06:41:53.8128194Z ##[group]GITHUB_TOKEN Permissions
2025-07-10T06:41:53.8133682Z Contents: read
2025-07-10T06:41:53.8134747Z Metadata: read
2025-07-10T06:41:53.8135789Z PullRequests: write
2025-07-10T06:41:53.8137463Z ##[endgroup]
2025-07-10T06:41:53.8142644Z Secret source: Actions
2025-07-10T06:41:53.8144773Z Prepare workflow directory
2025-07-10T06:41:53.9590665Z Prepare all required actions
2025-07-10T06:41:53.9667591Z Getting action download info
2025-07-10T06:41:54.6994232Z Download action repository 'actions/checkout@11bd71901bbe5b1630ceea73d27597364c9af683' (SHA:11bd71901bbe5b1630ceea73d27597364c9af683)
2025-07-10T06:41:55.4451628Z Download action repository 'actions/setup-node@49933ea5288caeca8642d1e84afbd3f7d6820020' (SHA:49933ea5288caeca8642d1e84afbd3f7d6820020)
2025-07-10T06:41:56.4314006Z Complete job name: Frontend Quality Checks
2025-07-10T06:41:56.5244739Z ##[group]Run actions/checkout@11bd71901bbe5b1630ceea73d27597364c9af683
2025-07-10T06:41:56.5247192Z with:
2025-07-10T06:41:56.5247982Z   repository: ryosuke-horie/saifuu
2025-07-10T06:41:56.5249534Z   token: ***
2025-07-10T06:41:56.5250354Z   ssh-strict: true
2025-07-10T06:41:56.5251096Z   ssh-user: git
2025-07-10T06:41:56.5251863Z   persist-credentials: true
2025-07-10T06:41:56.5252720Z   clean: true
2025-07-10T06:41:56.5253502Z   sparse-checkout-cone-mode: true
2025-07-10T06:41:56.5254484Z   fetch-depth: 1
2025-07-10T06:41:56.5255242Z   fetch-tags: false
2025-07-10T06:41:56.5256010Z   show-progress: true
2025-07-10T06:41:56.5256824Z   lfs: false
2025-07-10T06:41:56.5257553Z   submodules: false
2025-07-10T06:41:56.5258346Z   set-safe-directory: true
2025-07-10T06:41:56.5259655Z ##[endgroup]
2025-07-10T06:41:56.7492293Z Syncing repository: ryosuke-horie/saifuu
2025-07-10T06:41:56.7496541Z ##[group]Getting Git version info
2025-07-10T06:41:56.7499071Z Working directory is '/home/runner-user/saifuu-runner2/_work/saifuu/saifuu'
2025-07-10T06:41:56.7834048Z [command]/usr/bin/git version
2025-07-10T06:41:56.8058732Z git version 2.43.0
2025-07-10T06:41:56.8125399Z ##[endgroup]
2025-07-10T06:41:56.8162467Z Copying '/home/runner-user/.gitconfig' to '/home/runner-user/saifuu-runner2/_work/_temp/e2719152-b749-4b45-9f6f-b9f0c71be270/.gitconfig'
2025-07-10T06:41:56.8199000Z Temporarily overriding HOME='/home/runner-user/saifuu-runner2/_work/_temp/e2719152-b749-4b45-9f6f-b9f0c71be270' before making global git config changes
2025-07-10T06:41:56.8209129Z Adding repository directory to the temporary git global config as a safe directory
2025-07-10T06:41:56.8231412Z [command]/usr/bin/git config --global --add safe.directory /home/runner-user/saifuu-runner2/_work/saifuu/saifuu
2025-07-10T06:41:56.8382350Z [command]/usr/bin/git config --local --get remote.origin.url
2025-07-10T06:41:56.8423526Z https://github.com/ryosuke-horie/saifuu
2025-07-10T06:41:56.8469039Z ##[group]Removing previously created refs, to avoid conflicts
2025-07-10T06:41:56.8477362Z [command]/usr/bin/git rev-parse --symbolic-full-name --verify --quiet HEAD
2025-07-10T06:41:56.8544089Z HEAD
2025-07-10T06:41:56.8638909Z ##[endgroup]
2025-07-10T06:41:56.8640311Z [command]/usr/bin/git submodule status
2025-07-10T06:41:56.9391582Z ##[group]Cleaning the repository
2025-07-10T06:41:56.9395792Z [command]/usr/bin/git clean -ffdx
2025-07-10T06:41:57.7492696Z Removing api/.wrangler/
2025-07-10T06:41:57.7496714Z Removing api/coverage/
2025-07-10T06:41:57.7497122Z Removing api/coverage_comment.md
2025-07-10T06:41:57.7497499Z Removing api/dist/
2025-07-10T06:41:57.7497819Z Removing api/node_modules/
2025-07-10T06:41:57.7499371Z [command]/usr/bin/git reset --hard HEAD
2025-07-10T06:41:57.7924634Z HEAD is now at a18eda0 Merge c3a6db4a6e5ad09540c0a32c38435dfd2f54a27b into ad136c1e2d413d15b823391430653dff6e8fe898
2025-07-10T06:41:57.7932808Z ##[endgroup]
2025-07-10T06:41:57.7937062Z ##[group]Disabling automatic garbage collection
2025-07-10T06:41:57.7947782Z [command]/usr/bin/git config --local gc.auto 0
2025-07-10T06:41:57.8005268Z ##[endgroup]
2025-07-10T06:41:57.8005904Z ##[group]Setting up auth
2025-07-10T06:41:57.8024404Z [command]/usr/bin/git config --local --name-only --get-regexp core\.sshCommand
2025-07-10T06:41:57.8111224Z [command]/usr/bin/git submodule foreach --recursive sh -c "git config --local --name-only --get-regexp 'core\.sshCommand' && git config --local --unset-all 'core.sshCommand' || :"
2025-07-10T06:41:57.8602689Z [command]/usr/bin/git config --local --name-only --get-regexp http\.https\:\/\/github\.com\/\.extraheader
2025-07-10T06:41:57.8605439Z [command]/usr/bin/git submodule foreach --recursive sh -c "git config --local --name-only --get-regexp 'http\.https\:\/\/github\.com\/\.extraheader' && git config --local --unset-all 'http.https://github.com/.extraheader' || :"
2025-07-10T06:41:57.9053251Z [command]/usr/bin/git config --local http.https://github.com/.extraheader AUTHORIZATION: basic ***
2025-07-10T06:41:57.9121935Z ##[endgroup]
2025-07-10T06:41:57.9122730Z ##[group]Fetching the repository
2025-07-10T06:41:57.9134404Z [command]/usr/bin/git -c protocol.version=2 fetch --no-tags --prune --no-recurse-submodules --depth=1 origin +56930a444f2561dd5b8cb17e54999e598e5a652a:refs/remotes/pull/180/merge
2025-07-10T06:41:58.6614475Z From https://github.com/ryosuke-horie/saifuu
2025-07-10T06:41:58.6615203Z  * [new ref]         56930a444f2561dd5b8cb17e54999e598e5a652a -> pull/180/merge
2025-07-10T06:41:58.6679006Z ##[endgroup]
2025-07-10T06:41:58.6681803Z ##[group]Determining the checkout info
2025-07-10T06:41:58.6682442Z ##[endgroup]
2025-07-10T06:41:58.6682827Z [command]/usr/bin/git sparse-checkout disable
2025-07-10T06:41:58.6769036Z [command]/usr/bin/git config --local --unset-all extensions.worktreeConfig
2025-07-10T06:41:58.6825583Z ##[group]Checking out the ref
2025-07-10T06:41:58.6832199Z [command]/usr/bin/git checkout --progress --force refs/remotes/pull/180/merge
2025-07-10T06:41:58.7032643Z Previous HEAD position was a18eda0 Merge c3a6db4a6e5ad09540c0a32c38435dfd2f54a27b into ad136c1e2d413d15b823391430653dff6e8fe898
2025-07-10T06:41:58.7034761Z HEAD is now at 56930a4 Merge 58155ea963a71775b3f18e8afacf37bf34aa8c06 into e58e865ca24ebe26b33b2d063013829bbdd332a7
2025-07-10T06:41:58.7046697Z ##[endgroup]
2025-07-10T06:41:58.7123766Z [command]/usr/bin/git log -1 --format=%H
2025-07-10T06:41:58.7166130Z 56930a444f2561dd5b8cb17e54999e598e5a652a
2025-07-10T06:41:58.7585160Z ##[group]Run actions/setup-node@49933ea5288caeca8642d1e84afbd3f7d6820020
2025-07-10T06:41:58.7585702Z with:
2025-07-10T06:41:58.7585931Z   node-version: 22
2025-07-10T06:41:58.7586202Z   always-auth: false
2025-07-10T06:41:58.7586459Z   check-latest: false
2025-07-10T06:41:58.7586920Z   token: ***
2025-07-10T06:41:58.7587158Z ##[endgroup]
2025-07-10T06:41:59.0351851Z Found in cache @ /home/runner-user/saifuu-runner2/_work/_tool/node/22.17.0/x64
2025-07-10T06:41:59.0365734Z ##[group]Environment details
2025-07-10T06:41:59.7272974Z node: v22.17.0
2025-07-10T06:41:59.7273495Z npm: 10.9.2
2025-07-10T06:41:59.7273798Z yarn: 
2025-07-10T06:41:59.7276374Z ##[endgroup]
2025-07-10T06:41:59.7446286Z ##[group]Run npm ci
2025-07-10T06:41:59.7446672Z [36;1mnpm ci[0m
2025-07-10T06:41:59.7494590Z shell: /usr/bin/bash -e {0}
2025-07-10T06:41:59.7495411Z ##[endgroup]
2025-07-10T06:42:13.6831666Z npm warn deprecated inflight@1.0.6: This module is not supported, and leaks memory. Do not use it. Check out lru-cache if you want a good and tested way to coalesce async requests by a key value, which is much more comprehensive and powerful.
2025-07-10T06:42:14.7754755Z npm warn deprecated rimraf@3.0.2: Rimraf versions prior to v4 are no longer supported
2025-07-10T06:42:15.5370937Z npm warn deprecated glob@7.2.3: Glob versions prior to v9 are no longer supported
2025-07-10T06:42:48.5588320Z 
2025-07-10T06:42:48.5596171Z added 1612 packages, and audited 1613 packages in 49s
2025-07-10T06:42:48.5597166Z 
2025-07-10T06:42:48.5597527Z 220 packages are looking for funding
2025-07-10T06:42:48.5599905Z   run `npm fund` for details
2025-07-10T06:42:48.5610154Z 
2025-07-10T06:42:48.5612020Z found 0 vulnerabilities
2025-07-10T06:42:48.6729534Z ##[group]Run npm run typecheck
2025-07-10T06:42:48.6729883Z [36;1mnpm run typecheck[0m
2025-07-10T06:42:48.6745649Z shell: /usr/bin/bash -e {0}
2025-07-10T06:42:48.6745902Z ##[endgroup]
2025-07-10T06:42:48.8344468Z 
2025-07-10T06:42:48.8345028Z > saifuu@0.1.0 typecheck
2025-07-10T06:42:48.8346180Z > tsc --noEmit
2025-07-10T06:42:48.8346921Z 
2025-07-10T06:42:58.6855359Z ##[error]src/hooks/useCategories.test.ts(171,10): error TS2304: Cannot find name 'act'.
2025-07-10T06:42:58.6871275Z ##[error]src/hooks/useCategories.test.ts(200,4): error TS2304: Cannot find name 'act'.
2025-07-10T06:42:58.6873253Z ##[error]src/hooks/useCategories.test.ts(233,10): error TS2304: Cannot find name 'act'.
2025-07-10T06:42:58.6877499Z ##[error]src/hooks/useCategories.test.ts(301,10): error TS2304: Cannot find name 'act'.
2025-07-10T06:42:58.6883046Z ##[error]src/hooks/useCategories.test.ts(312,10): error TS2304: Cannot find name 'act'.
2025-07-10T06:42:58.6888248Z ##[error]src/hooks/useSubscriptions.test.ts(141,10): error TS2304: Cannot find name 'act'.
2025-07-10T06:42:58.6890339Z ##[error]src/hooks/useSubscriptions.test.ts(158,10): error TS2304: Cannot find name 'act'.
2025-07-10T06:42:58.6892054Z ##[error]src/hooks/useSubscriptions.test.ts(174,10): error TS2304: Cannot find name 'act'.
2025-07-10T06:42:58.6893767Z ##[error]src/hooks/useSubscriptions.test.ts(190,10): error TS2304: Cannot find name 'act'.
2025-07-10T06:42:58.6895477Z ##[error]src/hooks/useSubscriptions.test.ts(205,10): error TS2304: Cannot find name 'act'.
2025-07-10T06:42:58.6897209Z ##[error]src/hooks/useSubscriptions.test.ts(239,10): error TS2304: Cannot find name 'act'.
2025-07-10T06:42:58.6898890Z ##[error]src/hooks/useSubscriptions.test.ts(246,26): error TS2304: Cannot find name 'act'.
2025-07-10T06:42:58.6901150Z ##[error]src/hooks/useSubscriptions.test.ts(253,10): error TS2304: Cannot find name 'act'.
2025-07-10T06:42:58.6902895Z ##[error]src/hooks/useSubscriptions.test.ts(290,10): error TS2304: Cannot find name 'act'.
2025-07-10T06:42:58.6904596Z ##[error]src/hooks/useSubscriptions.test.ts(305,10): error TS2304: Cannot find name 'act'.
2025-07-10T06:42:58.6906278Z ##[error]src/hooks/useSubscriptions.test.ts(316,10): error TS2304: Cannot find name 'act'.
2025-07-10T06:42:58.6907901Z ##[error]src/hooks/useSubscriptions.test.ts(321,10): error TS2304: Cannot find name 'act'.
2025-07-10T06:42:58.6909529Z ##[error]src/hooks/useSubscriptions.test.ts(336,10): error TS2304: Cannot find name 'act'.
2025-07-10T06:42:58.6911178Z ##[error]src/hooks/useSubscriptions.test.ts(353,10): error TS2304: Cannot find name 'act'.
2025-07-10T06:42:58.6912780Z ##[error]src/hooks/useSubscriptions.test.ts(384,10): error TS2304: Cannot find name 'act'.
2025-07-10T06:42:58.6914999Z ##[error]src/hooks/useSubscriptions.test.ts(400,10): error TS2304: Cannot find name 'act'.
2025-07-10T06:42:58.6918469Z ##[error]src/hooks/useSubscriptions.test.ts(420,10): error TS2304: Cannot find name 'act'.
2025-07-10T06:42:58.6920892Z ##[error]src/hooks/useSubscriptions.test.ts(435,10): error TS2304: Cannot find name 'act'.
2025-07-10T06:42:58.6922832Z ##[error]src/hooks/useSubscriptions.test.ts(456,10): error TS2304: Cannot find name 'act'.
2025-07-10T06:42:58.6924673Z ##[error]src/hooks/useSubscriptions.test.ts(463,10): error TS2304: Cannot find name 'act'.
2025-07-10T06:42:58.6926450Z ##[error]src/hooks/useSubscriptions.test.ts(487,10): error TS2304: Cannot find name 'act'.
2025-07-10T06:42:58.6928237Z ##[error]src/hooks/useSubscriptions.test.ts(527,10): error TS2304: Cannot find name 'act'.
2025-07-10T06:42:58.6930009Z ##[error]src/hooks/useSubscriptions.test.ts(534,26): error TS2304: Cannot find name 'act'.
2025-07-10T06:42:58.6931833Z ##[error]src/hooks/useSubscriptions.test.ts(565,10): error TS2304: Cannot find name 'act'.
2025-07-10T06:42:58.6934909Z ##[error]src/hooks/useSubscriptions.test.ts(572,26): error TS2304: Cannot find name 'act'.
2025-07-10T06:42:58.6937692Z ##[error]src/hooks/useSubscriptions.test.ts(590,10): error TS2304: Cannot find name 'act'.
2025-07-10T06:42:58.6940437Z ##[error]src/hooks/useSubscriptions.test.ts(617,10): error TS2304: Cannot find name 'act'.
2025-07-10T06:42:58.6942754Z ##[error]src/hooks/useSubscriptions.test.ts(630,10): error TS2304: Cannot find name 'act'.
2025-07-10T06:42:58.6944866Z ##[error]src/hooks/useSubscriptions.test.ts(648,10): error TS2304: Cannot find name 'act'.
2025-07-10T06:42:58.6946777Z ##[error]src/hooks/useSubscriptions.test.ts(682,10): error TS2304: Cannot find name 'act'.
2025-07-10T06:42:58.6948560Z ##[error]src/hooks/useSubscriptions.test.ts(699,10): error TS2304: Cannot find name 'act'.
2025-07-10T06:42:58.7005849Z ##[error]src/hooks/useSubscriptions.test.ts(712,10): error TS2304: Cannot find name 'act'.
2025-07-10T06:42:58.7008080Z ##[error]src/lib/api/hooks/__tests__/useSubscriptions.test.ts(89,10): error TS2304: Cannot find name 'act'.
2025-07-10T06:42:58.7010065Z ##[error]src/lib/api/hooks/__tests__/useSubscriptions.test.ts(107,10): error TS2304: Cannot find name 'act'.
2025-07-10T06:42:58.7012056Z ##[error]src/lib/api/hooks/__tests__/useSubscriptions.test.ts(126,10): error TS2304: Cannot find name 'act'.
2025-07-10T06:42:58.7013934Z ##[error]src/lib/api/hooks/__tests__/useSubscriptions.test.ts(150,10): error TS2304: Cannot find name 'act'.
2025-07-10T06:42:58.7015366Z ##[error]src/lib/api/hooks/__tests__/useSubscriptions.test.ts(176,10): error TS2304: Cannot find name 'act'.
2025-07-10T06:42:58.7016791Z ##[error]src/lib/api/hooks/__tests__/useSubscriptions.test.ts(189,10): error TS2304: Cannot find name 'act'.
2025-07-10T06:42:58.7018214Z ##[error]src/lib/api/hooks/__tests__/useSubscriptions.test.ts(215,10): error TS2304: Cannot find name 'act'.
2025-07-10T06:42:58.7019620Z ##[error]src/lib/api/hooks/__tests__/useSubscriptions.test.ts(227,10): error TS2304: Cannot find name 'act'.
2025-07-10T06:42:58.7021484Z ##[error]src/lib/api/hooks/__tests__/useSubscriptions.test.ts(231,10): error TS2304: Cannot find name 'act'.
2025-07-10T06:42:58.7023019Z ##[error]src/lib/api/hooks/__tests__/useSubscriptions.test.ts(258,9): error TS2304: Cannot find name 'act'.
2025-07-10T06:42:58.7024461Z ##[error]src/lib/api/hooks/__tests__/useSubscriptions.test.ts(284,9): error TS2304: Cannot find name 'act'.
2025-07-10T06:42:58.7273848Z ##[error]Process completed with exit code 2.
2025-07-10T06:42:58.7416930Z Post job cleanup.
2025-07-10T06:42:58.9065036Z [command]/usr/bin/git version
2025-07-10T06:42:58.9127779Z git version 2.43.0
2025-07-10T06:42:58.9218649Z Copying '/home/runner-user/.gitconfig' to '/home/runner-user/saifuu-runner2/_work/_temp/710c904a-2fcb-4725-bdd5-73b8fd0c447c/.gitconfig'
2025-07-10T06:42:58.9247205Z Temporarily overriding HOME='/home/runner-user/saifuu-runner2/_work/_temp/710c904a-2fcb-4725-bdd5-73b8fd0c447c' before making global git config changes
2025-07-10T06:42:58.9248507Z Adding repository directory to the temporary git global config as a safe directory
2025-07-10T06:42:58.9260075Z [command]/usr/bin/git config --global --add safe.directory /home/runner-user/saifuu-runner2/_work/saifuu/saifuu
2025-07-10T06:42:58.9780075Z [command]/usr/bin/git config --local --name-only --get-regexp core\.sshCommand
2025-07-10T06:42:58.9845146Z [command]/usr/bin/git submodule foreach --recursive sh -c "git config --local --name-only --get-regexp 'core\.sshCommand' && git config --local --unset-all 'core.sshCommand' || :"
2025-07-10T06:42:59.0287836Z [command]/usr/bin/git config --local --name-only --get-regexp http\.https\:\/\/github\.com\/\.extraheader
2025-07-10T06:42:59.0321424Z http.https://github.com/.extraheader
2025-07-10T06:42:59.0345536Z [command]/usr/bin/git config --local --unset-all http.https://github.com/.extraheader
2025-07-10T06:42:59.0407406Z [command]/usr/bin/git submodule foreach --recursive sh -c "git config --local --name-only --get-regexp 'http\.https\:\/\/github\.com\/\.extraheader' && git config --local --unset-all 'http.https://github.com/.extraheader' || :"
2025-07-10T06:42:59.0993283Z Cleaning up orphan processes
